C51 COMPILER V9.52.0.0   DELAY                                                             05/07/2016 07:42:38 PAGE 1   


C51 COMPILER V9.52.0.0, COMPILATION OF MODULE DELAY
OBJECT MODULE PLACED IN ..\output\delay.obj
COMPILER INVOKED BY: D:\study\ide\keil451\C51\BIN\C51.EXE ..\user\delay.c BROWSE INCDIR(..\user\include) DEBUG OBJECTEXT
                    -END PRINT(..\listing\delay.lst) TABS(2) OBJECT(..\output\delay.obj)

line level    source

   1          #include"delay.h"
   2          #include"define.h"
   3          
   4          void delay(uchar z){
   5   1        uchar x;
   6   1        while(z--)
   7   1          for(x=120;x>0;x--);
   8   1      }
   9          void delay_long(uchar x){
  10   1        uchar i=60000,j=600;
  11   1        while(x--)
  12   1          while(i--)
  13   1            while(j--);
  14   1          
  15   1      
  16   1      }


MODULE INFORMATION:   STATIC OVERLAYABLE
   CODE SIZE        =     43    ----
   CONSTANT SIZE    =   ----    ----
   XDATA SIZE       =   ----    ----
   PDATA SIZE       =   ----    ----
   DATA SIZE        =   ----    ----
   IDATA SIZE       =   ----    ----
   BIT SIZE         =   ----    ----
END OF MODULE INFORMATION.


C51 COMPILATION COMPLETE.  0 WARNING(S),  0 ERROR(S)
